<?xml version="1.0" encoding="utf-8"?>
<testsuites>
<testsuite name="aunit_testsuite" skipped="0" tests="27" failures="0" errors="0">
</testsuite>
</testsuites>
